// Jest Snapshot v1, https://goo.gl/fbAQLP

exports[`Form renders correctly 1`] = `
<View
  style={
    Array [
      Object {
        "flexBasis": 0,
        "flexGrow": 1,
        "flexShrink": 1,
      },
    ]
  }
/>
`;

exports[`Heading renders correctly 1`] = `
<Text
  style={
    Array [
      Object {
        "backgroundColor": "transparent",
        "color": "black",
        "fontFamily": "GillSans-light",
        "fontSize": 32,
        "marginTop": 120,
        "textAlign": "center",
      },
    ]
  }
/>
`;

exports[`Page renders correctly 1`] = `
<View
  accessibilityIgnoresInvertColors={true}
  style={
    Array [
      Object {
        "backgroundColor": "white",
        "flexBasis": 0,
        "flexGrow": 1,
        "flexShrink": 1,
        "paddingBottom": 10,
        "paddingLeft": 10,
        "paddingRight": 10,
        "paddingTop": 40,
      },
    ]
  }
>
  <Image
    source={
      Object {
        "testUri": "../../../assets/background.jpg",
      }
    }
    style={
      Array [
        Object {
          "bottom": 0,
          "left": 0,
          "position": "absolute",
          "right": 0,
          "top": 0,
        },
        Object {
          "height": undefined,
          "width": undefined,
        },
        undefined,
      ]
    }
  />
</View>
`;
